
> frontend@0.1.0 dev
> next dev

▲ Next.js 16.1.3 (Turbopack)
- Local:         http://localhost:3000
- Network:       http://192.168.0.2:3000

✓ Starting...
✓ Ready in 1108ms
○ Compiling / ...
 GET / 200 in 7.1s (compile: 6.4s, render: 678ms)
 GET / 200 in 112ms (compile: 8ms, render: 105ms)
 GET /tools/image-to-pdf 200 in 1886ms (compile: 1698ms, generate-params: 576ms, render: 188ms)
✓ Compiled in 23ms
✓ Compiled in 21ms
Error: Turbopack build failed with 1 errors:
./src/app
Error: Next.js inferred your workspace root, but it may not be correct.
    We couldn't find the Next.js package (next/package.json) from the project directory: /app/frontend/src/app
     To fix this, set turbopack.root in your Next.js config, or ensure the Next.js package is resolvable from this directory.
    Note: For security and performance reasons, files outside of the project directory will not be compiled.
    See https://nextjs.org/docs/app/api-reference/config/next-config-js/turbopack#root-directory for more information.

    at ignore-listed frames
[?25h
